[2026-05-28T22:00:56.055Z] [INFO] Scheduled task: Full anatomy rescan (0 */6 * * *)
[2026-05-28T22:00:56.056Z] [INFO] Scheduled task: Consolidate old memory (0 2 * * *)
[2026-05-28T22:00:56.056Z] [INFO] Scheduled task: Token audit report (0 0 * * 1)
[2026-05-28T22:00:56.056Z] [INFO] Scheduled task: Cerebrum reflection (0 3 * * 0)
[2026-05-28T22:00:56.057Z] [INFO] Scheduled task: AI suggestions (0 4 * * 1)
[2026-05-28T22:00:56.058Z] [INFO] File watcher started on .wolf/
[2026-05-28T22:00:56.059Z] [INFO] OpenWolf daemon started
[2026-05-28T22:00:56.059Z] [INFO] Dashboard server listening on port 18791
[2026-05-28T22:00:56.251Z] [INFO] Scheduled task: Full anatomy rescan (0 */6 * * *)
[2026-05-28T22:00:56.252Z] [INFO] Scheduled task: Consolidate old memory (0 2 * * *)
[2026-05-28T22:00:56.252Z] [INFO] Scheduled task: Token audit report (0 0 * * 1)
[2026-05-28T22:00:56.252Z] [INFO] Scheduled task: Cerebrum reflection (0 3 * * 0)
[2026-05-28T22:00:56.252Z] [INFO] Scheduled task: AI suggestions (0 4 * * 1)
[2026-05-28T22:00:56.253Z] [INFO] File watcher started on .wolf/
[2026-05-28T22:00:56.254Z] [INFO] OpenWolf daemon started
[2026-05-28T22:00:56.254Z] [INFO] Dashboard server listening on port 18791
[2026-05-28T22:00:56.457Z] [INFO] Scheduled task: Full anatomy rescan (0 */6 * * *)
[2026-05-28T22:00:56.458Z] [INFO] Scheduled task: Consolidate old memory (0 2 * * *)
[2026-05-28T22:00:56.458Z] [INFO] Scheduled task: Token audit report (0 0 * * 1)
[2026-05-28T22:00:56.458Z] [INFO] Scheduled task: Cerebrum reflection (0 3 * * 0)
[2026-05-28T22:00:56.458Z] [INFO] Scheduled task: AI suggestions (0 4 * * 1)
[2026-05-28T22:00:56.459Z] [INFO] File watcher started on .wolf/
[2026-05-28T22:00:56.460Z] [INFO] OpenWolf daemon started
[2026-05-28T22:00:56.460Z] [INFO] Dashboard server listening on port 18791
[2026-05-28T22:00:56.639Z] [INFO] Scheduled task: Full anatomy rescan (0 */6 * * *)
[2026-05-28T22:00:56.640Z] [INFO] Scheduled task: Consolidate old memory (0 2 * * *)
[2026-05-28T22:00:56.640Z] [INFO] Scheduled task: Token audit report (0 0 * * 1)
[2026-05-28T22:00:56.641Z] [INFO] Scheduled task: Cerebrum reflection (0 3 * * 0)
[2026-05-28T22:00:56.641Z] [INFO] Scheduled task: AI suggestions (0 4 * * 1)
[2026-05-28T22:00:56.642Z] [INFO] File watcher started on .wolf/
[2026-05-28T22:00:56.642Z] [INFO] OpenWolf daemon started
[2026-05-28T22:00:56.642Z] [INFO] Dashboard server listening on port 18791
[2026-05-28T22:00:56.829Z] [INFO] Scheduled task: Full anatomy rescan (0 */6 * * *)
[2026-05-28T22:00:56.830Z] [INFO] Scheduled task: Consolidate old memory (0 2 * * *)
[2026-05-28T22:00:56.830Z] [INFO] Scheduled task: Token audit report (0 0 * * 1)
[2026-05-28T22:00:56.830Z] [INFO] Scheduled task: Cerebrum reflection (0 3 * * 0)
[2026-05-28T22:00:56.831Z] [INFO] Scheduled task: AI suggestions (0 4 * * 1)
[2026-05-28T22:00:56.832Z] [INFO] File watcher started on .wolf/
[2026-05-28T22:00:56.832Z] [INFO] OpenWolf daemon started
[2026-05-28T22:00:56.832Z] [INFO] Dashboard server listening on port 18791
[2026-05-28T22:00:57.036Z] [INFO] Scheduled task: Full anatomy rescan (0 */6 * * *)
[2026-05-28T22:00:57.037Z] [INFO] Scheduled task: Consolidate old memory (0 2 * * *)
[2026-05-28T22:00:57.037Z] [INFO] Scheduled task: Token audit report (0 0 * * 1)
[2026-05-28T22:00:57.037Z] [INFO] Scheduled task: Cerebrum reflection (0 3 * * 0)
[2026-05-28T22:00:57.038Z] [INFO] Scheduled task: AI suggestions (0 4 * * 1)
[2026-05-28T22:00:57.039Z] [INFO] File watcher started on .wolf/
[2026-05-28T22:00:57.039Z] [INFO] OpenWolf daemon started
[2026-05-28T22:00:57.040Z] [INFO] Dashboard server listening on port 18791
[2026-05-28T22:00:57.243Z] [INFO] Scheduled task: Full anatomy rescan (0 */6 * * *)
[2026-05-28T22:00:57.244Z] [INFO] Scheduled task: Consolidate old memory (0 2 * * *)
[2026-05-28T22:00:57.244Z] [INFO] Scheduled task: Token audit report (0 0 * * 1)
[2026-05-28T22:00:57.244Z] [INFO] Scheduled task: Cerebrum reflection (0 3 * * 0)
[2026-05-28T22:00:57.244Z] [INFO] Scheduled task: AI suggestions (0 4 * * 1)
[2026-05-28T22:00:57.245Z] [INFO] File watcher started on .wolf/
[2026-05-28T22:00:57.246Z] [INFO] OpenWolf daemon started
[2026-05-28T22:00:57.246Z] [INFO] Dashboard server listening on port 18791
[2026-05-28T22:00:57.430Z] [INFO] Scheduled task: Full anatomy rescan (0 */6 * * *)
[2026-05-28T22:00:57.431Z] [INFO] Scheduled task: Consolidate old memory (0 2 * * *)
[2026-05-28T22:00:57.431Z] [INFO] Scheduled task: Token audit report (0 0 * * 1)
[2026-05-28T22:00:57.432Z] [INFO] Scheduled task: Cerebrum reflection (0 3 * * 0)
[2026-05-28T22:00:57.432Z] [INFO] Scheduled task: AI suggestions (0 4 * * 1)
[2026-05-28T22:00:57.433Z] [INFO] File watcher started on .wolf/
[2026-05-28T22:00:57.433Z] [INFO] OpenWolf daemon started
[2026-05-28T22:00:57.434Z] [INFO] Dashboard server listening on port 18791
[2026-05-28T22:00:57.625Z] [INFO] Scheduled task: Full anatomy rescan (0 */6 * * *)
[2026-05-28T22:00:57.626Z] [INFO] Scheduled task: Consolidate old memory (0 2 * * *)
[2026-05-28T22:00:57.626Z] [INFO] Scheduled task: Token audit report (0 0 * * 1)
[2026-05-28T22:00:57.626Z] [INFO] Scheduled task: Cerebrum reflection (0 3 * * 0)
[2026-05-28T22:00:57.626Z] [INFO] Scheduled task: AI suggestions (0 4 * * 1)
[2026-05-28T22:00:57.627Z] [INFO] File watcher started on .wolf/
[2026-05-28T22:00:57.628Z] [INFO] OpenWolf daemon started
[2026-05-28T22:00:57.628Z] [INFO] Dashboard server listening on port 18791
[2026-05-28T22:00:57.841Z] [INFO] Scheduled task: Full anatomy rescan (0 */6 * * *)
[2026-05-28T22:00:57.842Z] [INFO] Scheduled task: Consolidate old memory (0 2 * * *)
[2026-05-28T22:00:57.842Z] [INFO] Scheduled task: Token audit report (0 0 * * 1)
[2026-05-28T22:00:57.843Z] [INFO] Scheduled task: Cerebrum reflection (0 3 * * 0)
[2026-05-28T22:00:57.843Z] [INFO] Scheduled task: AI suggestions (0 4 * * 1)
[2026-05-28T22:00:57.844Z] [INFO] File watcher started on .wolf/
[2026-05-28T22:00:57.844Z] [INFO] OpenWolf daemon started
[2026-05-28T22:00:57.844Z] [INFO] Dashboard server listening on port 18791
[2026-05-28T22:00:58.051Z] [INFO] Scheduled task: Full anatomy rescan (0 */6 * * *)
[2026-05-28T22:00:58.052Z] [INFO] Scheduled task: Consolidate old memory (0 2 * * *)
[2026-05-28T22:00:58.053Z] [INFO] Scheduled task: Token audit report (0 0 * * 1)
[2026-05-28T22:00:58.053Z] [INFO] Scheduled task: Cerebrum reflection (0 3 * * 0)
[2026-05-28T22:00:58.053Z] [INFO] Scheduled task: AI suggestions (0 4 * * 1)
[2026-05-28T22:00:58.054Z] [INFO] File watcher started on .wolf/
[2026-05-28T22:00:58.054Z] [INFO] OpenWolf daemon started
[2026-05-28T22:00:58.055Z] [INFO] Dashboard server listening on port 18791
[2026-05-28T22:00:58.245Z] [INFO] Scheduled task: Full anatomy rescan (0 */6 * * *)
[2026-05-28T22:00:58.246Z] [INFO] Scheduled task: Consolidate old memory (0 2 * * *)
[2026-05-28T22:00:58.246Z] [INFO] Scheduled task: Token audit report (0 0 * * 1)
[2026-05-28T22:00:58.247Z] [INFO] Scheduled task: Cerebrum reflection (0 3 * * 0)
[2026-05-28T22:00:58.247Z] [INFO] Scheduled task: AI suggestions (0 4 * * 1)
[2026-05-28T22:00:58.248Z] [INFO] File watcher started on .wolf/
[2026-05-28T22:00:58.248Z] [INFO] OpenWolf daemon started
[2026-05-28T22:00:58.249Z] [INFO] Dashboard server listening on port 18791
[2026-05-28T22:00:58.432Z] [INFO] Scheduled task: Full anatomy rescan (0 */6 * * *)
[2026-05-28T22:00:58.433Z] [INFO] Scheduled task: Consolidate old memory (0 2 * * *)
[2026-05-28T22:00:58.433Z] [INFO] Scheduled task: Token audit report (0 0 * * 1)
[2026-05-28T22:00:58.433Z] [INFO] Scheduled task: Cerebrum reflection (0 3 * * 0)
[2026-05-28T22:00:58.433Z] [INFO] Scheduled task: AI suggestions (0 4 * * 1)
[2026-05-28T22:00:58.435Z] [INFO] File watcher started on .wolf/
[2026-05-28T22:00:58.435Z] [INFO] OpenWolf daemon started
[2026-05-28T22:00:58.436Z] [INFO] Dashboard server listening on port 18791
[2026-05-28T22:00:58.635Z] [INFO] Scheduled task: Full anatomy rescan (0 */6 * * *)
[2026-05-28T22:00:58.636Z] [INFO] Scheduled task: Consolidate old memory (0 2 * * *)
[2026-05-28T22:00:58.637Z] [INFO] Scheduled task: Token audit report (0 0 * * 1)
[2026-05-28T22:00:58.637Z] [INFO] Scheduled task: Cerebrum reflection (0 3 * * 0)
[2026-05-28T22:00:58.637Z] [INFO] Scheduled task: AI suggestions (0 4 * * 1)
[2026-05-28T22:00:58.638Z] [INFO] File watcher started on .wolf/
[2026-05-28T22:00:58.639Z] [INFO] OpenWolf daemon started
[2026-05-28T22:00:58.639Z] [INFO] Dashboard server listening on port 18791
[2026-05-28T22:00:58.844Z] [INFO] Scheduled task: Full anatomy rescan (0 */6 * * *)
[2026-05-28T22:00:58.845Z] [INFO] Scheduled task: Consolidate old memory (0 2 * * *)
[2026-05-28T22:00:58.845Z] [INFO] Scheduled task: Token audit report (0 0 * * 1)
[2026-05-28T22:00:58.845Z] [INFO] Scheduled task: Cerebrum reflection (0 3 * * 0)
[2026-05-28T22:00:58.845Z] [INFO] Scheduled task: AI suggestions (0 4 * * 1)
[2026-05-28T22:00:58.846Z] [INFO] File watcher started on .wolf/
[2026-05-28T22:00:58.847Z] [INFO] OpenWolf daemon started
[2026-05-28T22:00:58.847Z] [INFO] Dashboard server listening on port 18791
[2026-05-28T22:00:59.027Z] [INFO] Scheduled task: Full anatomy rescan (0 */6 * * *)
[2026-05-28T22:00:59.028Z] [INFO] Scheduled task: Consolidate old memory (0 2 * * *)
[2026-05-28T22:00:59.029Z] [INFO] Scheduled task: Token audit report (0 0 * * 1)
[2026-05-28T22:00:59.029Z] [INFO] Scheduled task: Cerebrum reflection (0 3 * * 0)
[2026-05-28T22:00:59.029Z] [INFO] Scheduled task: AI suggestions (0 4 * * 1)
[2026-05-28T22:00:59.030Z] [INFO] File watcher started on .wolf/
[2026-05-28T22:00:59.030Z] [INFO] OpenWolf daemon started
[2026-05-28T22:00:59.031Z] [INFO] Dashboard server listening on port 18791
